[
  {
    "id": 1,
    "rev": 0.1,
    "content": "Alice",
    "created_at": "1969-12-31T16:00:00Z",
    "description": {}
  },
  {
    "id": 2,
    "rev": 0.2,
    "content": "Bob",
    "created_at": "1969-12-31T16:01:40Z",
    "description": []
  },
  {
    "id": 3,
    "rev": 0.3,
    "content": "Chris",
    "created_at": "1970-01-12T05:46:40Z",
    "description": {
      "key": "value"
    }
  }
]