{
  "a": "str",
  "b": 666,
  "c": "eHh4eA==",
  "d": 1.11,
  "f": true
}